// Jest Snapshot v1, https://goo.gl/fbAQLP

exports[`render successfully 1`] = `
ShallowWrapper {
  "length": 1,
  Symbol(enzyme.__root__): [Circular],
  Symbol(enzyme.__unrendered__): <CreateLink
    createLinkMutation={[Function]}
/>,
  Symbol(enzyme.__renderer__): Object {
    "batchedUpdates": [Function],
    "getNode": [Function],
    "render": [Function],
    "simulateEvent": [Function],
    "unmount": [Function],
  },
  Symbol(enzyme.__node__): Object {
    "instance": null,
    "key": undefined,
    "nodeType": "host",
    "props": Object {
      "children": Array [
        <div
          className="flex flex-column mt3"
>
          <input
                    className="mb2"
                    name="description"
                    onChange={[Function]}
                    placeholder="A description for the link"
                    type="text"
                    value=""
          />
          <input
                    className="mb2"
                    name="url"
                    onChange={[Function]}
                    placeholder="The URL for the link"
                    type="text"
                    value=""
          />
</div>,
        <button
          onClick={[Function]}
>
          Submit
</button>,
      ],
    },
    "ref": null,
    "rendered": Array [
      Object {
        "instance": null,
        "key": undefined,
        "nodeType": "host",
        "props": Object {
          "children": Array [
            <input
              className="mb2"
              name="description"
              onChange={[Function]}
              placeholder="A description for the link"
              type="text"
              value=""
/>,
            <input
              className="mb2"
              name="url"
              onChange={[Function]}
              placeholder="The URL for the link"
              type="text"
              value=""
/>,
          ],
          "className": "flex flex-column mt3",
        },
        "ref": null,
        "rendered": Array [
          Object {
            "instance": null,
            "key": undefined,
            "nodeType": "host",
            "props": Object {
              "className": "mb2",
              "name": "description",
              "onChange": [Function],
              "placeholder": "A description for the link",
              "type": "text",
              "value": "",
            },
            "ref": null,
            "rendered": null,
            "type": "input",
          },
          Object {
            "instance": null,
            "key": undefined,
            "nodeType": "host",
            "props": Object {
              "className": "mb2",
              "name": "url",
              "onChange": [Function],
              "placeholder": "The URL for the link",
              "type": "text",
              "value": "",
            },
            "ref": null,
            "rendered": null,
            "type": "input",
          },
        ],
        "type": "div",
      },
      Object {
        "instance": null,
        "key": undefined,
        "nodeType": "host",
        "props": Object {
          "children": "Submit",
          "onClick": [Function],
        },
        "ref": null,
        "rendered": "Submit",
        "type": "button",
      },
    ],
    "type": "div",
  },
  Symbol(enzyme.__nodes__): Array [
    Object {
      "instance": null,
      "key": undefined,
      "nodeType": "host",
      "props": Object {
        "children": Array [
          <div
            className="flex flex-column mt3"
>
            <input
                        className="mb2"
                        name="description"
                        onChange={[Function]}
                        placeholder="A description for the link"
                        type="text"
                        value=""
            />
            <input
                        className="mb2"
                        name="url"
                        onChange={[Function]}
                        placeholder="The URL for the link"
                        type="text"
                        value=""
            />
</div>,
          <button
            onClick={[Function]}
>
            Submit
</button>,
        ],
      },
      "ref": null,
      "rendered": Array [
        Object {
          "instance": null,
          "key": undefined,
          "nodeType": "host",
          "props": Object {
            "children": Array [
              <input
                className="mb2"
                name="description"
                onChange={[Function]}
                placeholder="A description for the link"
                type="text"
                value=""
/>,
              <input
                className="mb2"
                name="url"
                onChange={[Function]}
                placeholder="The URL for the link"
                type="text"
                value=""
/>,
            ],
            "className": "flex flex-column mt3",
          },
          "ref": null,
          "rendered": Array [
            Object {
              "instance": null,
              "key": undefined,
              "nodeType": "host",
              "props": Object {
                "className": "mb2",
                "name": "description",
                "onChange": [Function],
                "placeholder": "A description for the link",
                "type": "text",
                "value": "",
              },
              "ref": null,
              "rendered": null,
              "type": "input",
            },
            Object {
              "instance": null,
              "key": undefined,
              "nodeType": "host",
              "props": Object {
                "className": "mb2",
                "name": "url",
                "onChange": [Function],
                "placeholder": "The URL for the link",
                "type": "text",
                "value": "",
              },
              "ref": null,
              "rendered": null,
              "type": "input",
            },
          ],
          "type": "div",
        },
        Object {
          "instance": null,
          "key": undefined,
          "nodeType": "host",
          "props": Object {
            "children": "Submit",
            "onClick": [Function],
          },
          "ref": null,
          "rendered": "Submit",
          "type": "button",
        },
      ],
      "type": "div",
    },
  ],
  Symbol(enzyme.__options__): Object {
    "adapter": ReactSixteenAdapter {
      "options": Object {
        "enableComponentDidUpdateOnSetState": true,
      },
    },
    "context": Object {
      "client": ApolloClient {
        "cache": InMemoryCache {
          "addTypename": true,
          "config": Object {
            "addTypename": true,
            "dataIdFromObject": [Function],
            "fragmentMatcher": HeuristicFragmentMatcher {},
            "storeFactory": [Function],
          },
          "data": ObjectCache {
            "data": Object {},
          },
          "optimistic": Array [],
          "silenceBroadcast": false,
          "watches": Array [],
        },
        "defaultOptions": Object {},
        "disableNetworkFetches": false,
        "link": ApolloLink {
          "request": [Function],
        },
        "mutate": [Function],
        "query": [Function],
        "queryDeduplication": true,
        "reFetchObservableQueries": [Function],
        "resetStore": [Function],
        "ssrMode": false,
        "store": DataStore {
          "cache": InMemoryCache {
            "addTypename": true,
            "config": Object {
              "addTypename": true,
              "dataIdFromObject": [Function],
              "fragmentMatcher": HeuristicFragmentMatcher {},
              "storeFactory": [Function],
            },
            "data": ObjectCache {
              "data": Object {},
            },
            "optimistic": Array [],
            "silenceBroadcast": false,
            "watches": Array [],
          },
        },
        "version": "2.0.4",
        "watchQuery": [Function],
      },
    },
  },
}
`;

exports[`renders successfully 1`] = `
ShallowWrapper {
  "length": 1,
  Symbol(enzyme.__root__): [Circular],
  Symbol(enzyme.__unrendered__): <CreateLink
    createLinkMutation={[Function]}
/>,
  Symbol(enzyme.__renderer__): Object {
    "batchedUpdates": [Function],
    "getNode": [Function],
    "render": [Function],
    "simulateEvent": [Function],
    "unmount": [Function],
  },
  Symbol(enzyme.__node__): Object {
    "instance": null,
    "key": undefined,
    "nodeType": "host",
    "props": Object {
      "children": Array [
        <div
          className="flex flex-column mt3"
>
          <input
                    className="mb2"
                    name="description"
                    onChange={[Function]}
                    placeholder="A description for the link"
                    type="text"
                    value=""
          />
          <input
                    className="mb2"
                    name="url"
                    onChange={[Function]}
                    placeholder="The URL for the link"
                    type="text"
                    value=""
          />
</div>,
        <button
          onClick={[Function]}
>
          Submit
</button>,
      ],
    },
    "ref": null,
    "rendered": Array [
      Object {
        "instance": null,
        "key": undefined,
        "nodeType": "host",
        "props": Object {
          "children": Array [
            <input
              className="mb2"
              name="description"
              onChange={[Function]}
              placeholder="A description for the link"
              type="text"
              value=""
/>,
            <input
              className="mb2"
              name="url"
              onChange={[Function]}
              placeholder="The URL for the link"
              type="text"
              value=""
/>,
          ],
          "className": "flex flex-column mt3",
        },
        "ref": null,
        "rendered": Array [
          Object {
            "instance": null,
            "key": undefined,
            "nodeType": "host",
            "props": Object {
              "className": "mb2",
              "name": "description",
              "onChange": [Function],
              "placeholder": "A description for the link",
              "type": "text",
              "value": "",
            },
            "ref": null,
            "rendered": null,
            "type": "input",
          },
          Object {
            "instance": null,
            "key": undefined,
            "nodeType": "host",
            "props": Object {
              "className": "mb2",
              "name": "url",
              "onChange": [Function],
              "placeholder": "The URL for the link",
              "type": "text",
              "value": "",
            },
            "ref": null,
            "rendered": null,
            "type": "input",
          },
        ],
        "type": "div",
      },
      Object {
        "instance": null,
        "key": undefined,
        "nodeType": "host",
        "props": Object {
          "children": "Submit",
          "onClick": [Function],
        },
        "ref": null,
        "rendered": "Submit",
        "type": "button",
      },
    ],
    "type": "div",
  },
  Symbol(enzyme.__nodes__): Array [
    Object {
      "instance": null,
      "key": undefined,
      "nodeType": "host",
      "props": Object {
        "children": Array [
          <div
            className="flex flex-column mt3"
>
            <input
                        className="mb2"
                        name="description"
                        onChange={[Function]}
                        placeholder="A description for the link"
                        type="text"
                        value=""
            />
            <input
                        className="mb2"
                        name="url"
                        onChange={[Function]}
                        placeholder="The URL for the link"
                        type="text"
                        value=""
            />
</div>,
          <button
            onClick={[Function]}
>
            Submit
</button>,
        ],
      },
      "ref": null,
      "rendered": Array [
        Object {
          "instance": null,
          "key": undefined,
          "nodeType": "host",
          "props": Object {
            "children": Array [
              <input
                className="mb2"
                name="description"
                onChange={[Function]}
                placeholder="A description for the link"
                type="text"
                value=""
/>,
              <input
                className="mb2"
                name="url"
                onChange={[Function]}
                placeholder="The URL for the link"
                type="text"
                value=""
/>,
            ],
            "className": "flex flex-column mt3",
          },
          "ref": null,
          "rendered": Array [
            Object {
              "instance": null,
              "key": undefined,
              "nodeType": "host",
              "props": Object {
                "className": "mb2",
                "name": "description",
                "onChange": [Function],
                "placeholder": "A description for the link",
                "type": "text",
                "value": "",
              },
              "ref": null,
              "rendered": null,
              "type": "input",
            },
            Object {
              "instance": null,
              "key": undefined,
              "nodeType": "host",
              "props": Object {
                "className": "mb2",
                "name": "url",
                "onChange": [Function],
                "placeholder": "The URL for the link",
                "type": "text",
                "value": "",
              },
              "ref": null,
              "rendered": null,
              "type": "input",
            },
          ],
          "type": "div",
        },
        Object {
          "instance": null,
          "key": undefined,
          "nodeType": "host",
          "props": Object {
            "children": "Submit",
            "onClick": [Function],
          },
          "ref": null,
          "rendered": "Submit",
          "type": "button",
        },
      ],
      "type": "div",
    },
  ],
  Symbol(enzyme.__options__): Object {
    "adapter": ReactSixteenAdapter {
      "options": Object {
        "enableComponentDidUpdateOnSetState": true,
      },
    },
    "context": Object {
      "client": ApolloClient {
        "cache": InMemoryCache {
          "addTypename": true,
          "config": Object {
            "addTypename": true,
            "dataIdFromObject": [Function],
            "fragmentMatcher": HeuristicFragmentMatcher {},
            "storeFactory": [Function],
          },
          "data": ObjectCache {
            "data": Object {},
          },
          "optimistic": Array [],
          "silenceBroadcast": false,
          "watches": Array [],
        },
        "defaultOptions": Object {},
        "disableNetworkFetches": false,
        "link": ApolloLink {
          "request": [Function],
        },
        "mutate": [Function],
        "query": [Function],
        "queryDeduplication": true,
        "reFetchObservableQueries": [Function],
        "resetStore": [Function],
        "ssrMode": false,
        "store": DataStore {
          "cache": InMemoryCache {
            "addTypename": true,
            "config": Object {
              "addTypename": true,
              "dataIdFromObject": [Function],
              "fragmentMatcher": HeuristicFragmentMatcher {},
              "storeFactory": [Function],
            },
            "data": ObjectCache {
              "data": Object {},
            },
            "optimistic": Array [],
            "silenceBroadcast": false,
            "watches": Array [],
          },
        },
        "version": "2.0.4",
        "watchQuery": [Function],
      },
    },
  },
}
`;
